warning: This suppresses the borrow checker in an unsafe, unsound, and unstable way that produces undefined behaviour. This is not suitable for any purpose beyond educational experimentation.
 --> $DIR/on_fn.rs:1:1
  |
1 | #[you_can::turn_off_the_borrow_checker]
  | ^^^^^^^^^^^^^^^^^^^^^^^^^^^^^^^^^^^^^^^

warning: The borrow checker is suppressed for these references.
 --> $DIR/on_fn.rs:4:25
  |
4 |     let mutable_alias = &mut source;
  |                         ^^^^^^^^^^^
5 |     let immutable_alias = &source;
  |                           ^^^^^^^

warning: 2 warnings emitted

